------------------------------------------------------------
Timing Analyzer Summary
------------------------------------------------------------

Type  : Slow 1100mV 85C Model Setup 'clk'
Slack : -8.250
TNS   : -142.114

Type  : Slow 1100mV 85C Model Hold 'clk'
Slack : 0.475
TNS   : 0.000

Type  : Slow 1100mV 85C Model Minimum Pulse Width 'clk'
Slack : -0.394
TNS   : -12.216

Type  : Slow 1100mV 0C Model Setup 'clk'
Slack : -8.259
TNS   : -142.653

Type  : Slow 1100mV 0C Model Hold 'clk'
Slack : 0.487
TNS   : 0.000

Type  : Slow 1100mV 0C Model Minimum Pulse Width 'clk'
Slack : -0.394
TNS   : -13.234

Type  : Fast 1100mV 85C Model Setup 'clk'
Slack : -4.193
TNS   : -70.558

Type  : Fast 1100mV 85C Model Hold 'clk'
Slack : 0.218
TNS   : 0.000

Type  : Fast 1100mV 85C Model Minimum Pulse Width 'clk'
Slack : -0.079
TNS   : -1.710

Type  : Fast 1100mV 0C Model Setup 'clk'
Slack : -3.848
TNS   : -64.346

Type  : Fast 1100mV 0C Model Hold 'clk'
Slack : 0.208
TNS   : 0.000

Type  : Fast 1100mV 0C Model Minimum Pulse Width 'clk'
Slack : -0.079
TNS   : -1.742

------------------------------------------------------------
